// Vitest Snapshot v1, https://vitest.dev/guide/snapshot.html

exports[`Tests for ProgressBar > get a snapshot of component 1`] = `"<div class="garnet svelte-zsgscn"><div class="labelInsideClass svelte-zsgscn"><div class="progressbar svelte-zsgscn" style="width: 0%; background-color: rgb(115, 54, 53);"><span class="progress svelte-zsgscn">0%</span></div></div></div>"`;
