// Vitest Snapshot v1, https://vitest.dev/guide/snapshot.html

exports[`Tests for RadioButton > get a snapshot of component 1`] = `"<fieldset id="garnet"><div class="legend svelte-16m0fmu" id="label-RadioButton Group">RadioButton Group</div> <input class="sr-only svelte-16m0fmu" type="radio" id="test-slot-1" value="Test slot 1"> <label for="test-slot-1" class="svelte-16m0fmu">Test slot 1 </label><input class="sr-only svelte-16m0fmu" type="radio" id="test-slot-2" value="Test slot 2"> <label for="test-slot-2" class="svelte-16m0fmu">Test slot 2 </label><input class="sr-only svelte-16m0fmu" type="radio" id="test-slot-3" value="Test slot 3"> <label for="test-slot-3" class="svelte-16m0fmu">Test slot 3 </label></fieldset>"`;
