// Vitest Snapshot v1, https://vitest.dev/guide/snapshot.html

exports[`Tests for RadioButton > get a snapshot of component 1`] = `"<fieldset id="garnet" class="s-F2UExF4kPp6W"><div class="legend s-F2UExF4kPp6W" id="label-RadioButton Group">RadioButton Group</div> <input class="sr-only s-F2UExF4kPp6W" type="radio" id="test-slot-1" value="Test slot 1"> <label for="test-slot-1" class="s-F2UExF4kPp6W">Test slot 1 </label><input class="sr-only s-F2UExF4kPp6W" type="radio" id="test-slot-2" value="Test slot 2"> <label for="test-slot-2" class="s-F2UExF4kPp6W">Test slot 2 </label><input class="sr-only s-F2UExF4kPp6W" type="radio" id="test-slot-3" value="Test slot 3"> <label for="test-slot-3" class="s-F2UExF4kPp6W">Test slot 3 </label></fieldset><!--<RadioButton>-->"`;
