// Vitest Snapshot v1, https://vitest.dev/guide/snapshot.html

exports[`Tests for Tabs > get a snapshot of component 1`] = `"<div class="garnet-tabs svelte-1dkyasc"><ul class="svelte-1dkyasc"><li class="active svelte-1dkyasc" data-testid="tabHeader"><span class="svelte-1dkyasc">Tab 1</span> </li><li class=" svelte-1dkyasc" data-testid="tabHeader"><span class="svelte-1dkyasc">Tab 2</span> </li><li class=" svelte-1dkyasc" data-testid="tabHeader"><span class="svelte-1dkyasc">Tab 3</span> </li></ul> <div class="content svelte-1dkyasc" data-testid="tabContent">This is a test</div></div>"`;
