// Vitest Snapshot v1, https://vitest.dev/guide/snapshot.html

exports[`Tests for Tabs > get a snapshot of component 1`] = `"<div class="garnet-tabs svelte-1ynt6pz"><ul class="svelte-1ynt6pz"><li class="active svelte-1ynt6pz" data-testid="tabHeader"><span class="svelte-1ynt6pz">Tab 1</span> </li><li class=" svelte-1ynt6pz" data-testid="tabHeader"><span class="svelte-1ynt6pz">Tab 2</span> </li><li class=" svelte-1ynt6pz" data-testid="tabHeader"><span class="svelte-1ynt6pz">Tab 3</span> </li></ul> <div class="content svelte-1ynt6pz" data-testid="tabContent">This is a test</div></div>"`;
