// Vitest Snapshot v1, https://vitest.dev/guide/snapshot.html

exports[`Tests for Accordion > get a snapshot of component 1`] = `"<div class="garnet-accordion svelte-1lpwwml"><button aria-expanded="false" class="accordionItem svelte-1rv45at"><svg width="20" height="20" fill="none" stroke-linecap="round" stroke-linejoin="round" stroke-width="2" viewBox="0 0 24 24" stroke="currentColor" class="svelte-1rv45at"><path d="M9 5l7 7-7 7"></path></svg> Heading 1</button> <button aria-expanded="false" class="accordionItem svelte-1rv45at"><svg width="20" height="20" fill="none" stroke-linecap="round" stroke-linejoin="round" stroke-width="2" viewBox="0 0 24 24" stroke="currentColor" class="svelte-1rv45at"><path d="M9 5l7 7-7 7"></path></svg> Heading 2</button> <button aria-expanded="false" class="accordionItem svelte-1rv45at"><svg width="20" height="20" fill="none" stroke-linecap="round" stroke-linejoin="round" stroke-width="2" viewBox="0 0 24 24" stroke="currentColor" class="svelte-1rv45at"><path d="M9 5l7 7-7 7"></path></svg> Heading 3</button> </div>"`;
