// Vitest Snapshot v1, https://vitest.dev/guide/snapshot.html

exports[`Tests for Tooltip > get a snapshot of component 1`] = `"<div class="garnet-tooltip svelte-130t8to"><div><button aria-describedby="tooltip" type="button" class="trigger svelte-130t8to" data-testid="tooltipButton">?</button> <div aria-hidden="true" id="tooltip" role="tooltip" aria-label="more info" class="svelte-130t8to"></div></div></div>"`;
