// Vitest Snapshot v1, https://vitest.dev/guide/snapshot.html

exports[`Tests for ImageGrid > get a snapshot of component 1`] = `"<h1 class="s-RI_zre6gVMV8">Test Label</h1> <div class="garnet-grid s--9EA4qNh9tr7"><div style="grid-template-rows: repeat(4, 1fr); grid-template-columns: repeat(1, auto);" class="s--9EA4qNh9tr7"><div class="cell s-wR0iEIfZdiFJ"></div><!--<Cell>--><div class="cell s-wR0iEIfZdiFJ"></div><!--<Cell>--><div class="cell s-wR0iEIfZdiFJ"></div><!--<Cell>--><div class="cell s-wR0iEIfZdiFJ"></div><!--<Cell>--><div class="cell s-wR0iEIfZdiFJ"></div><!--<Cell>--><div class="cell s-wR0iEIfZdiFJ"></div><!--<Cell>--><div class="cell s-wR0iEIfZdiFJ"></div><!--<Cell>--><div class="cell s-wR0iEIfZdiFJ"></div><!--<Cell>--><div class="cell s-wR0iEIfZdiFJ"></div><!--<Cell>--><div class="cell s-wR0iEIfZdiFJ"></div><!--<Cell>--><div class="cell s-wR0iEIfZdiFJ"></div><!--<Cell>--><div class="cell s-wR0iEIfZdiFJ"></div><!--<Cell>--></div></div><!--<Grid>--><!--<Table>-->"`;
