// Vitest Snapshot v1, https://vitest.dev/guide/snapshot.html

exports[`Tests for ImageGrid > get a snapshot of component 1`] = `"<h1 class="svelte-1nqlrak">Test Label</h1> <div class="garnet-grid svelte-5nvth"><div style="grid-template-rows: repeat(4, 1fr); grid-template-columns: repeat(1, auto);" class="svelte-5nvth"><div class="cell svelte-z6p2xb"></div><div class="cell svelte-z6p2xb"></div><div class="cell svelte-z6p2xb"></div><div class="cell svelte-z6p2xb"></div><div class="cell svelte-z6p2xb"></div><div class="cell svelte-z6p2xb"></div><div class="cell svelte-z6p2xb"></div><div class="cell svelte-z6p2xb"></div><div class="cell svelte-z6p2xb"></div><div class="cell svelte-z6p2xb"></div><div class="cell svelte-z6p2xb"></div><div class="cell svelte-z6p2xb"></div></div></div>"`;
