// Vitest Snapshot v1, https://vitest.dev/guide/snapshot.html

exports[`Tests for Switch > get a snapshot of component 1`] = `"<label class="switch-container svelte-1wtopcf" for=""><input type="checkbox" class="switch-input svelte-1wtopcf" id="" role="switch"> <span class="switch  svelte-1wtopcf"></span> <span class="switch-label">Disabled switch with label</span></label>"`;
