// Vitest Snapshot v1, https://vitest.dev/guide/snapshot.html

exports[`Tests for SelectBox > get a snapshot of component 1`] = `"<div class="garnet-selectbox s-YBKB7XKMQi9t"><label for="garnet-selectbox" class="s-YBKB7XKMQi9t">Test dropdown: <select data-testid="selectdropdown" title="garnet-selectbox" class="s-YBKB7XKMQi9t"><option value="1" class="s-YBKB7XKMQi9t">undefined </option><option value="2" class="s-YBKB7XKMQi9t">undefined </option><option value="3" class="s-YBKB7XKMQi9t">undefined </option></select></label></div><!--<SelectBox>-->"`;
