// Vitest Snapshot v1, https://vitest.dev/guide/snapshot.html

exports[`Tests for SelectBox > get a snapshot of component 1`] = `"<div class="garnet-selectbox svelte-wpck7s"><label for="garnet-selectbox" class="svelte-wpck7s">Test dropdown: <select data-testid="selectdropdown" title="garnet-selectbox" class="svelte-wpck7s"><option value="1" class="svelte-wpck7s">undefined </option><option value="2" class="svelte-wpck7s">undefined </option><option value="3" class="svelte-wpck7s">undefined </option></select></label></div>"`;
