// Vitest Snapshot v1, https://vitest.dev/guide/snapshot.html

exports[`Tests for Breadcrumbs > get a snapshot of component 1`] = `"<div class="garnet-breadcrumbs svelte-8qvfxh"><ul class="breadcrumb svelte-8qvfxh"><li class="svelte-8qvfxh"> <a href="/" data-testid="breadcrumbLink" class="svelte-8qvfxh">Dashboard</a> </li><li class="svelte-8qvfxh"><span class="svelte-8qvfxh">/</span> <a href="/reports" data-testid="breadcrumbLink" class="svelte-8qvfxh">Annual reports</a> </li><li class="svelte-8qvfxh"><span class="svelte-8qvfxh">/</span> 2019 </li></ul></div>"`;
