// Vitest Snapshot v1, https://vitest.dev/guide/snapshot.html

exports[`Tests for Breadcrumbs > get a snapshot of component 1`] = `"<div class="garnet svelte-1vpzp5e"><ul class="breadcrumb svelte-1vpzp5e"><li class="svelte-1vpzp5e"> <a href="/" data-testid="breadcrumbLink" class="svelte-1vpzp5e">Dashboard</a> </li><li class="svelte-1vpzp5e"><span class="svelte-1vpzp5e">/</span> <a href="/reports" data-testid="breadcrumbLink" class="svelte-1vpzp5e">Annual reports</a> </li><li class="svelte-1vpzp5e"><span class="svelte-1vpzp5e">/</span> 2019 </li></ul></div>"`;
