// Vitest Snapshot v1, https://vitest.dev/guide/snapshot.html

exports[`Tests for Breadcrumbs > get a snapshot of component 1`] = `"<div class="garnet s-A_BFCwAXJd84"><ul class="breadcrumb s-A_BFCwAXJd84"><li class="s-A_BFCwAXJd84"> <a href="/" data-testid="breadcrumbLink" class="s-A_BFCwAXJd84">Dashboard</a> </li><li class="s-A_BFCwAXJd84"><span class="s-A_BFCwAXJd84">/</span> <a href="/reports" data-testid="breadcrumbLink" class="s-A_BFCwAXJd84">Annual reports</a> </li><li class="s-A_BFCwAXJd84"><span class="s-A_BFCwAXJd84">/</span> 2019 </li></ul></div><!--<Breadcrumbs>-->"`;
